// Jest Snapshot v1, https://goo.gl/fbAQLP

exports[`InfoBox.vue should render correctly 1`] = `
<transition-stub
  name="modal"
>
  <div
    class="modal-mask"
  >
    <div
      class="modal-wrapper"
    >
      <div
        class="modal-container"
      >
        <div
          class="modal-head"
        >
          <span>
            TEST
          </span>
        </div>
         
        <div
          class="modal-body"
        >
          
            TEXT
           
          <button
            class="modal-default-button"
          >
            
            OK
          
          </button>
        </div>
      </div>
    </div>
  </div>
</transition-stub>
`;
